******************************************************************************
                  TI ARM Linker PC v15.12.3                    
******************************************************************************
>> Linked Sun May 27 15:37:49 2018

OUTPUT FILE NAME:   <code_MPPT.out>
ENTRY POINT SYMBOL: "_c_int00"  address: 000012a5


MEMORY CONFIGURATION

         name            origin    length      used     unused   attr    fill
----------------------  --------  ---------  --------  --------  ----  --------
  FLASH                 00000000   00040000  0000186a  0003e796  R  X
  SRAM                  20000000   00008000  0000024c  00007db4  RW X


SEGMENT ALLOCATION MAP

run origin  load origin   length   init length attrs members
----------  ----------- ---------- ----------- ----- -------
00000000    00000000    0000186c   0000186c    r-x
  00000000    00000000    0000026c   0000026c    r-- .intvecs
  0000026c    0000026c    000014fa   000014fa    r-x .text
  00001768    00001768    000000c0   000000c0    r-- .const
  00001828    00001828    00000044   00000044    r-- .cinit
20000000    20000000    0000024c   00000000    rw-
  20000000    20000000    00000200   00000000    rw- .stack
  20000200    20000200    00000030   00000000    rw- .data
  20000230    20000230    0000001c   00000000    rw- .bss


SECTION ALLOCATION MAP

 output                                  attributes/
section   page    origin      length       input sections
--------  ----  ----------  ----------   ----------------
.intvecs   0    00000000    0000026c     
                  00000000    0000026c     tm4c123gh6pm_startup_ccs.obj (.intvecs)

.text      0    0000026c    000014fa     
                  0000026c    00000888     main.obj (.text)
                  00000af4    000001b6     rtsv7M4_T_le_v4SPD16_eabi.lib : fd_add_t2.obj (.text)
                  00000caa    00000132     driverlib.lib : gpio.obj (.text:GPIOPadConfigSet)
                  00000ddc    000000fc     rtsv7M4_T_le_v4SPD16_eabi.lib : fd_mul_t2.obj (.text)
                  00000ed8    000000f4     driverlib.lib : sysctl.obj (.text:SysCtlClockSet)
                  00000fcc    0000009c     rtsv7M4_T_le_v4SPD16_eabi.lib : memcpy_t2.obj (.text)
                  00001068    0000007a     driverlib.lib : adc.obj (.text:ADCSequenceStepConfigure)
                  000010e2    0000007a     rtsv7M4_T_le_v4SPD16_eabi.lib : memset_t2.obj (.text)
                  0000115c    00000070                                   : autoinit.obj (.text)
                  000011cc    0000006e                                   : fd_tos_t2.obj (.text)
                  0000123a    0000006a                                   : copy_decompress_rle.obj (.text)
                  000012a4    00000054                                   : boot.obj (.text)
                  000012f8    00000054                                   : exit.obj (.text)
                  0000134c    0000004c                                   : cpy_tbl.obj (.text)
                  00001398    00000048     driverlib.lib : gpio.obj (.text:GPIOPinConfigure)
                  000013e0    00000046                   : uart.obj (.text:UARTConfigSetExpClk)
                  00001426    00000040     rtsv7M4_T_le_v4SPD16_eabi.lib : u_divt2.obj (.text)
                  00001466    0000003e     driverlib.lib : adc.obj (.text:ADCSequenceConfigure)
                  000014a4    00000038                   : sysctl.obj (.text:SysCtlPeripheralPresent)
                  000014dc    00000038     rtsv7M4_T_le_v4SPD16_eabi.lib : fs_tod_t2.obj (.text)
                  00001514    00000034     driverlib.lib : sysctl.obj (.text:SysCtlPeripheralEnable)
                  00001548    0000002e                   : adc.obj (.text:ADCIntStatus)
                  00001576    0000002a                   : gpio.obj (.text:GPIODirModeSet)
                  000015a0    00000022                   : pwm.obj (.text:PWMGenConfigure)
                  000015c2    00000002     rtsv7M4_T_le_v4SPD16_eabi.lib : i_div0.obj (.text)
                  000015c4    00000020     driverlib.lib : uart.obj (.text:UARTDisable)
                  000015e4    00000020     rtsv7M4_T_le_v4SPD16_eabi.lib : u_tofd_t2.obj (.text)
                  00001604    0000001e     driverlib.lib : adc.obj (.text:ADCSequenceDataGet)
                  00001622    0000001e                   : pwm.obj (.text:PWMPulseWidthSet)
                  00001640    00000018                   : adc.obj (.text:ADCProcessorTrigger)
                  00001658    00000018     rtsv7M4_T_le_v4SPD16_eabi.lib : args_main.obj (.text)
                  00001670    00000014     driverlib.lib : sysctl.obj (.text:SysCtlPWMClockSet)
                  00001684    00000014                   : uart.obj (.text:UARTEnable)
                  00001698    00000014     rtsv7M4_T_le_v4SPD16_eabi.lib : _lock.obj (.text)
                  000016ac    00000012     driverlib.lib : gpio.obj (.text:GPIOPinTypeADC)
                  000016be    00000012                   : gpio.obj (.text:GPIOPinTypePWM)
                  000016d0    00000012                   : pwm.obj (.text:PWMOutputState)
                  000016e2    00000010                   : pwm.obj (.text:PWMGenPeriodSet)
                  000016f2    0000000e                   : adc.obj (.text:ADCHardwareOversampleConfigure)
                  00001700    0000000e                   : adc.obj (.text:ADCSequenceEnable)
                  0000170e    0000000e     rtsv7M4_T_le_v4SPD16_eabi.lib : copy_decompress_none.obj (.text:decompress:none)
                  0000171c    0000000c     driverlib.lib : pwm.obj (.text:PWMGenEnable)
                  00001728    0000000c     tm4c123gh6pm_startup_ccs.obj (.text)
                  00001734    0000000a     driverlib.lib : adc.obj (.text:ADCIntClear)
                  0000173e    0000000a                   : uart.obj (.text:UARTCharGet)
                  00001748    0000000a                   : uart.obj (.text:UARTCharPut)
                  00001752    00000006                   : sysctl.obj (.text:SysCtlDelay)
                  00001758    00000006     rtsv7M4_T_le_v4SPD16_eabi.lib : copy_decompress_rle.obj (.text:decompress:rle24)
                  0000175e    00000004                                   : pre_init.obj (.text)
                  00001762    00000002                                   : mpu_init.obj (.text)
                  00001764    00000002                                   : startup.obj (.text)

.const     0    00001768    000000c0     
                  00001768    00000090     driverlib.lib : gpio.obj (.const:g_pui32GPIOBaseAddrs)
                  000017f8    00000012     main.obj (.const:.string)
                  0000180a    00000002     --HOLE-- [fill = 0]
                  0000180c    0000000c     main.obj (.const:g_ui32UARTBase)
                  00001818    0000000c     main.obj (.const:g_ui32UARTPeriph)
                  00001824    00000004     main.obj (.const)

.cinit     0    00001828    00000044     
                  00001828    0000001f     (.cinit..data.load) [load image, compression = rle]
                  00001847    00000001     --HOLE-- [fill = 0]
                  00001848    00000009     (.cinit..bss.load) [load image, compression = rle]
                  00001851    00000003     --HOLE-- [fill = 0]
                  00001854    00000008     (__TI_handler_table)
                  0000185c    00000010     (__TI_cinit_table)

.init_array 
*          0    00000000    00000000     UNINITIALIZED

.stack     0    20000000    00000200     UNINITIALIZED
                  20000000    00000200     --HOLE--

.data      0    20000200    00000030     UNINITIALIZED
                  20000200    00000015     main.obj (.data)
                  20000215    00000003     --HOLE--
                  20000218    0000000c     rtsv7M4_T_le_v4SPD16_eabi.lib : exit.obj (.data:$O1$$)
                  20000224    00000008                                   : _lock.obj (.data:$O1$$)
                  2000022c    00000004                                   : stkdepth_vars.obj (.data)

.bss       0    20000230    0000001c     UNINITIALIZED
                  20000230    00000008     (.common:PV_pwr)
                  20000238    00000008     (.common:meas_voltage)
                  20000240    00000004     (.common:meas_crnt)
                  20000244    00000004     (.common:ui32ADC0Value)
                  20000248    00000004     (.common:ui32ADC1Value)

MODULE SUMMARY

       Module                         code   ro data   rw data
       ------                         ----   -------   -------
    .\
       main.obj                       2184   46        49     
       tm4c123gh6pm_startup_ccs.obj   12     620       0      
    +--+------------------------------+------+---------+---------+
       Total:                         2196   666       49     
                                                              
    C:/ti/TivaWare_C_Series-2.1.2.111/driverlib/ccs/Debug/driverlib.lib
       gpio.obj                       456    144       0      
       sysctl.obj                     378    0         0      
       adc.obj                        322    0         0      
       uart.obj                       142    0         0      
       pwm.obj                        110    0         0      
    +--+------------------------------+------+---------+---------+
       Total:                         1408   144       0      
                                                              
    C:\ti\ccsv6\tools\compiler\arm_15.12.3.LTS\lib\rtsv7M4_T_le_v4SPD16_eabi.lib
       fd_add_t2.obj                  438    0         0      
       fd_mul_t2.obj                  252    0         0      
       memcpy_t2.obj                  156    0         0      
       memset_t2.obj                  122    0         0      
       autoinit.obj                   112    0         0      
       copy_decompress_rle.obj        112    0         0      
       fd_tos_t2.obj                  110    0         0      
       exit.obj                       84     0         12     
       boot.obj                       84     0         0      
       cpy_tbl.obj                    76     0         0      
       u_divt2.obj                    64     0         0      
       fs_tod_t2.obj                  56     0         0      
       u_tofd_t2.obj                  32     0         0      
       _lock.obj                      20     0         8      
       args_main.obj                  24     0         0      
       copy_decompress_none.obj       14     0         0      
       pre_init.obj                   4      0         0      
       stkdepth_vars.obj              0      0         4      
       i_div0.obj                     2      0         0      
       mpu_init.obj                   2      0         0      
       startup.obj                    2      0         0      
    +--+------------------------------+------+---------+---------+
       Total:                         1766   0         24     
                                                              
       Stack:                         0      0         512    
       Linker Generated:              0      64        0      
    +--+------------------------------+------+---------+---------+
       Grand Total:                   5370   874       585    


LINKER GENERATED COPY TABLES

__TI_cinit_table @ 0000185c records: 2, size/record: 8, table size: 16
	.data: load addr=00001828, load size=0000001f bytes, run addr=20000200, run size=00000030 bytes, compression=rle
	.bss: load addr=00001848, load size=00000009 bytes, run addr=20000230, run size=0000001c bytes, compression=rle


LINKER GENERATED HANDLER TABLE

__TI_handler_table @ 00001854 records: 2, size/record: 4, table size: 8
	index: 0, handler: __TI_decompress_rle24
	index: 1, handler: __TI_decompress_none


GLOBAL SYMBOLS: SORTED ALPHABETICALLY BY Name 

address   name                           
-------   ----                           
000008a9  ADC                            
000016f3  ADCHardwareOversampleConfigure 
00001735  ADCIntClear                    
00001549  ADCIntStatus                   
00001641  ADCProcessorTrigger            
00001467  ADCSequenceConfigure           
00001605  ADCSequenceDataGet             
00001701  ADCSequenceEnable              
00001069  ADCSequenceStepConfigure       
000012f9  C$$EXIT                        
00001577  GPIODirModeSet                 
00000cab  GPIOPadConfigSet               
00001399  GPIOPinConfigure               
000016ad  GPIOPinTypeADC                 
000016bf  GPIOPinTypePWM                 
0000095d  MPPT                           
20000230  PV_pwr                         
000015a1  PWMGenConfigure                
0000171d  PWMGenEnable                   
000016e3  PWMGenPeriodSet                
000016d1  PWMOutputState                 
00001623  PWMPulseWidthSet               
00001729  ResetISR                       
UNDEFED   SHT$$INIT_ARRAY$$Base          
UNDEFED   SHT$$INIT_ARRAY$$Limit         
00000ed9  SysCtlClockSet                 
00001753  SysCtlDelay                    
00001671  SysCtlPWMClockSet              
00001515  SysCtlPeripheralEnable         
000014a5  SysCtlPeripheralPresent        
0000173f  UARTCharGet                    
00001749  UARTCharPut                    
000013e1  UARTConfigSetExpClk            
000015c5  UARTDisable                    
00001685  UARTEnable                     
0000026d  UARTStdioConfig                
000003b3  UARTgetc                       
000002f9  UARTgets                       
000006d3  UARTprintf                     
000003d9  UARTvprintf                    
000002b3  UARTwrite                      
20000200  __STACK_END                    
00000200  __STACK_SIZE                   
20000200  __STACK_TOP                    
0000185c  __TI_CINIT_Base                
0000186c  __TI_CINIT_Limit               
00001854  __TI_Handler_Table_Base        
0000185c  __TI_Handler_Table_Limit       
0000115d  __TI_auto_init                 
20000218  __TI_cleanup_ptr               
0000170f  __TI_decompress_none           
00001759  __TI_decompress_rle24          
2000021c  __TI_dtors_ptr                 
20000220  __TI_enable_exit_profile_output
ffffffff  __TI_pprof_out_hndl            
ffffffff  __TI_prof_data_size            
ffffffff  __TI_prof_data_start           
00000000  __TI_static_base__             
000011cd  __aeabi_d2f                    
00000aff  __aeabi_dadd                   
00000ddd  __aeabi_dmul                   
00000af5  __aeabi_dsub                   
000014dd  __aeabi_f2d                    
000015c3  __aeabi_idiv0                  
000010e3  __aeabi_memclr                 
000010e3  __aeabi_memclr4                
000010e3  __aeabi_memclr8                
00000fcd  __aeabi_memcpy                 
00000fcd  __aeabi_memcpy4                
00000fcd  __aeabi_memcpy8                
000010e5  __aeabi_memset                 
000010e5  __aeabi_memset4                
000010e5  __aeabi_memset8                
000015e5  __aeabi_ui2d                   
00001427  __aeabi_uidiv                  
00001427  __aeabi_uidivmod               
ffffffff  __binit__                      
ffffffff  __c_args__                     
00001763  __mpu_init                     
20000000  __stack                        
00001659  _args_main                     
000012a5  _c_int00                       
20000224  _lock                          
000016a7  _nop                           
0000169f  _register_lock                 
00001699  _register_unlock               
00001765  _system_post_cinit             
0000175f  _system_pre_init               
20000228  _unlock                        
000012fd  abort                          
ffffffff  binit                          
0000134d  copy_in                        
2000020c  count_adc                      
20000210  count_mppt                     
20000208  duty                           
00001305  exit                           
00000000  g_pfnVectors                   
000006fb  main                           
2000022c  main_func_sp                   
20000240  meas_crnt                      
20000238  meas_voltage                   
00000fcd  memcpy                         
000010eb  memset                         
20000204  period                         
20000244  ui32ADC0Value                  
20000248  ui32ADC1Value                  


GLOBAL SYMBOLS: SORTED BY Symbol Address 

address   name                           
-------   ----                           
00000000  __TI_static_base__             
00000000  g_pfnVectors                   
00000200  __STACK_SIZE                   
0000026d  UARTStdioConfig                
000002b3  UARTwrite                      
000002f9  UARTgets                       
000003b3  UARTgetc                       
000003d9  UARTvprintf                    
000006d3  UARTprintf                     
000006fb  main                           
000008a9  ADC                            
0000095d  MPPT                           
00000af5  __aeabi_dsub                   
00000aff  __aeabi_dadd                   
00000cab  GPIOPadConfigSet               
00000ddd  __aeabi_dmul                   
00000ed9  SysCtlClockSet                 
00000fcd  __aeabi_memcpy                 
00000fcd  __aeabi_memcpy4                
00000fcd  __aeabi_memcpy8                
00000fcd  memcpy                         
00001069  ADCSequenceStepConfigure       
000010e3  __aeabi_memclr                 
000010e3  __aeabi_memclr4                
000010e3  __aeabi_memclr8                
000010e5  __aeabi_memset                 
000010e5  __aeabi_memset4                
000010e5  __aeabi_memset8                
000010eb  memset                         
0000115d  __TI_auto_init                 
000011cd  __aeabi_d2f                    
000012a5  _c_int00                       
000012f9  C$$EXIT                        
000012fd  abort                          
00001305  exit                           
0000134d  copy_in                        
00001399  GPIOPinConfigure               
000013e1  UARTConfigSetExpClk            
00001427  __aeabi_uidiv                  
00001427  __aeabi_uidivmod               
00001467  ADCSequenceConfigure           
000014a5  SysCtlPeripheralPresent        
000014dd  __aeabi_f2d                    
00001515  SysCtlPeripheralEnable         
00001549  ADCIntStatus                   
00001577  GPIODirModeSet                 
000015a1  PWMGenConfigure                
000015c3  __aeabi_idiv0                  
000015c5  UARTDisable                    
000015e5  __aeabi_ui2d                   
00001605  ADCSequenceDataGet             
00001623  PWMPulseWidthSet               
00001641  ADCProcessorTrigger            
00001659  _args_main                     
00001671  SysCtlPWMClockSet              
00001685  UARTEnable                     
00001699  _register_unlock               
0000169f  _register_lock                 
000016a7  _nop                           
000016ad  GPIOPinTypeADC                 
000016bf  GPIOPinTypePWM                 
000016d1  PWMOutputState                 
000016e3  PWMGenPeriodSet                
000016f3  ADCHardwareOversampleConfigure 
00001701  ADCSequenceEnable              
0000170f  __TI_decompress_none           
0000171d  PWMGenEnable                   
00001729  ResetISR                       
00001735  ADCIntClear                    
0000173f  UARTCharGet                    
00001749  UARTCharPut                    
00001753  SysCtlDelay                    
00001759  __TI_decompress_rle24          
0000175f  _system_pre_init               
00001763  __mpu_init                     
00001765  _system_post_cinit             
00001854  __TI_Handler_Table_Base        
0000185c  __TI_CINIT_Base                
0000185c  __TI_Handler_Table_Limit       
0000186c  __TI_CINIT_Limit               
20000000  __stack                        
20000200  __STACK_END                    
20000200  __STACK_TOP                    
20000204  period                         
20000208  duty                           
2000020c  count_adc                      
20000210  count_mppt                     
20000218  __TI_cleanup_ptr               
2000021c  __TI_dtors_ptr                 
20000220  __TI_enable_exit_profile_output
20000224  _lock                          
20000228  _unlock                        
2000022c  main_func_sp                   
20000230  PV_pwr                         
20000238  meas_voltage                   
20000240  meas_crnt                      
20000244  ui32ADC0Value                  
20000248  ui32ADC1Value                  
ffffffff  __TI_pprof_out_hndl            
ffffffff  __TI_prof_data_size            
ffffffff  __TI_prof_data_start           
ffffffff  __binit__                      
ffffffff  __c_args__                     
ffffffff  binit                          
UNDEFED   SHT$$INIT_ARRAY$$Base          
UNDEFED   SHT$$INIT_ARRAY$$Limit         

[106 symbols]
